\BOOKMARK [1][-]{section.1}{cite\137parser}{}% 1
\BOOKMARK [1][-]{section.2}{subjective\137cite\137parser}{}% 2
\BOOKMARK [1][-]{section.3}{partially\137cite\137parser}{}% 3
\BOOKMARK [1][-]{section.4}{Word Count}{}% 4
